Drill Listing
=============
Drill: .01181  Tool: 1  Feed: 0  Speed: 0
X 1202755  Y 1190944
X 1205511  Y 1190944
X 1193897  Y 1191141
X 1186811  Y 1191141
X 1191338  Y 1195472
X 1198425  Y 1195472
X 1186614  Y 1197047
X 1193503  Y 1199803
X 1191338  Y 1202952
X 1186811  Y 1203149
X 1192322  Y 1206496
X 1197244  Y 1206496
X 1200196  Y 1209448
X 1186811  Y 1209842
X 1191141  Y 1213385
X 1197047  Y 1214173
X 1186811  Y 1216535
X 1200000  Y 1218307
X 1190157  Y 1219881
X 1197047  Y 1222440
X 1186811  Y 1222834
X 1202559  Y 1230118
X 1186220  Y 1230708
X 1191732  Y 1231692
X 1191338  Y 1237204
X 1186220  Y 1237204
X 1197440  Y 1237401
X 1204133  Y 1239960
X 1190748  Y 1243503
X 1186023  Y 1243700
X 1196259  Y 1243897
X 1200393  Y 1243897
X 1203937  Y 1245669
X 1199606  Y 1250000
X 1186220  Y 1250196
X 1195472  Y 1250393
X 1190551  Y 1250393
X 1189566  Y 1255905
X 1186220  Y 1256102
X 1190748  Y 1258464
X 1203937  Y 1260433
X 1189566  Y 1263188
X 1186220  Y 1263385
X 1195866  Y 1266929
X 1200984  Y 1267125
X 1204527  Y 1267125
X 1192913  Y 1268700
X 1186220  Y 1269291
X 1189370  Y 1273425
X 1186614  Y 1276377
X 1204133  Y 1276377
X 1198425  Y 1278543
X 1202559  Y 1279527
X 1186811  Y 1282086
X 1197834  Y 1282677
X 1203149  Y 1284055
X 1194685  Y 1285039
X 1199803  Y 1288188
X 1191732  Y 1289370
X 1195866  Y 1291141
X 1186614  Y 1291732
X 1203937  Y 1293700
X 1191732  Y 1294094
X 1199803  Y 1294094
X 1195669  Y 1297637
X 1186614  Y 1298031
X 1191535  Y 1300787
X 1199803  Y 1300984
X 1195669  Y 1304527
X 1186614  Y 1305708
X 1191535  Y 1308070
X 1199212  Y 1308267
X 1186811  Y 1312598
X 1218700  Y 1313188
X 1225196  Y 1313188
X 1221062  Y 1310039
X 1215748  Y 1309448
X 1206496  Y 1308464
X 1221062  Y 1305511
X 1226377  Y 1304921
X 1228543  Y 1304921
X 1224212  Y 1304921
X 1215551  Y 1304133
X 1218503  Y 1303543
X 1206299  Y 1302559
X 1222637  Y 1300196
X 1206299  Y 1298622
X 1215354  Y 1298031
X 1222637  Y 1296850
X 1215354  Y 1292519
X 1206299  Y 1287204
X 1215551  Y 1287007
X 1206299  Y 1283267
X 1215354  Y 1282874
X 1206299  Y 1279330
X 1219488  Y 1274803
X 1210039  Y 1274606
X 1221456  Y 1272244
X 1216141  Y 1269685
X 1223425  Y 1267716
X 1227165  Y 1267716
X 1225000  Y 1264370
X 1225393  Y 1260039
X 1227952  Y 1255708
X 1223425  Y 1255118
X 1223425  Y 1251968
X 1207086  Y 1250196
X 1225787  Y 1250000
X 1209645  Y 1248228
X 1214763  Y 1248228
X 1229133  Y 1247637
X 1225000  Y 1247244
X 1223818  Y 1244881
X 1217322  Y 1243700
X 1225984  Y 1243307
X 1206889  Y 1242716
X 1229330  Y 1241929
X 1226377  Y 1239960
X 1214960  Y 1239566
X 1209645  Y 1239566
X 1223818  Y 1234055
X 1210039  Y 1232086
X 1206102  Y 1231692
X 1226377  Y 1231496
X 1229724  Y 1229527
X 1216732  Y 1223425
X 1208070  Y 1220669
X 1207874  Y 1217322
X 1222637  Y 1215944
X 1214173  Y 1213188
X 1224409  Y 1204527
X 1224409  Y 1199212
X 1211811  Y 1196062
X 1207283  Y 1195866
X 1228543  Y 1194094
X 1214173  Y 1193503
X 1224409  Y 1192322
X 1230905  Y 1192322
X 1210629  Y 1191535
X 1228346  Y 1186417
X 1212992  Y 1186220
X 1220275  Y 1186220
X 1206299  Y 1186220
X 1233464  Y 1186220
X 1255905  Y 1186220
X 1248622  Y 1186417
X 1236220  Y 1190157
X 1255314  Y 1190354
X 1238976  Y 1190551
X 1233464  Y 1190944
X 1251574  Y 1192519
X 1244685  Y 1193897
X 1248031  Y 1195866
X 1254724  Y 1196259
X 1247440  Y 1201377
X 1253937  Y 1201574
X 1247834  Y 1206496
X 1241535  Y 1212598
X 1254921  Y 1212598
X 1244881  Y 1213582
X 1247047  Y 1215157
X 1242125  Y 1215944
X 1239960  Y 1215944
X 1248228  Y 1219094
X 1250393  Y 1220275
X 1255905  Y 1220275
X 1252755  Y 1221259
X 1249606  Y 1228346
X 1251771  Y 1229724
X 1233858  Y 1229724
X 1254527  Y 1229921
X 1240944  Y 1230118
X 1231102  Y 1232283
X 1236614  Y 1235236
X 1245078  Y 1236023
X 1251377  Y 1236417
X 1231692  Y 1236811
X 1255511  Y 1238779
X 1236417  Y 1239960
X 1249015  Y 1240157
X 1244881  Y 1242519
X 1233070  Y 1243897
X 1253937  Y 1245078
X 1246653  Y 1247244
X 1237007  Y 1247834
X 1255708  Y 1248622
X 1247047  Y 1252362
X 1231889  Y 1252559
X 1253543  Y 1252559
X 1236614  Y 1256299
X 1231102  Y 1259645
X 1241141  Y 1260433
X 1236811  Y 1262204
X 1254133  Y 1262795
X 1247047  Y 1262992
X 1231299  Y 1264763
X 1250787  Y 1268503
X 1237401  Y 1268700
X 1240354  Y 1269094
X 1243110  Y 1269094
X 1246062  Y 1277362
X 1250196  Y 1278543
X 1235433  Y 1281299
X 1232086  Y 1281889
X 1241141  Y 1282677
X 1231889  Y 1285433
X 1235236  Y 1286811
X 1232283  Y 1290748
X 1254133  Y 1292716
X 1232283  Y 1293897
X 1234842  Y 1294488
X 1252362  Y 1295078
X 1232283  Y 1297834
X 1250984  Y 1298818
X 1248622  Y 1300590
X 1253937  Y 1301181
X 1232283  Y 1301771
X 1241338  Y 1308858
X 1235629  Y 1308858
X 1247440  Y 1308858
X 1253937  Y 1309055
X 1250590  Y 1313188
X 1234645  Y 1313188
X 1242716  Y 1313385
X 1259448  Y 1313188
X 1260236  Y 1309055
X 1275393  Y 1308858
X 1267716  Y 1308661
X 1272834  Y 1303149
X 1279724  Y 1302755
X 1261417  Y 1301574
X 1272047  Y 1297244
X 1278740  Y 1297244
X 1262204  Y 1296850
X 1257677  Y 1296456
X 1275590  Y 1294291
X 1269881  Y 1293700
X 1270275  Y 1290551
X 1258070  Y 1289370
X 1279527  Y 1286614
X 1266535  Y 1286220
X 1262992  Y 1283070
X 1271653  Y 1282677
X 1257283  Y 1279527
X 1279527  Y 1278740
X 1256102  Y 1276574
X 1271456  Y 1275196
X 1275787  Y 1275000
X 1279724  Y 1274015
X 1277362  Y 1271653
X 1261417  Y 1269488
X 1257086  Y 1268700
X 1270472  Y 1267716
X 1261023  Y 1266929
X 1279724  Y 1265354
X 1263976  Y 1263779
X 1258267  Y 1262795
X 1256102  Y 1259645
X 1263976  Y 1258858
X 1263779  Y 1256692
X 1280708  Y 1256496
X 1257677  Y 1252755
X 1261023  Y 1252165
X 1264960  Y 1251968
X 1277362  Y 1250000
X 1263779  Y 1247244
X 1280511  Y 1247244
X 1261023  Y 1246653
X 1277362  Y 1246456
X 1271456  Y 1246456
X 1277362  Y 1243700
X 1271850  Y 1242913
X 1263582  Y 1240944
X 1262007  Y 1238582
X 1276968  Y 1236614
X 1273031  Y 1233661
X 1260433  Y 1232874
X 1275000  Y 1232086
X 1257874  Y 1230314
X 1279724  Y 1226377
X 1275196  Y 1224409
X 1267125  Y 1224409
X 1263976  Y 1220472
X 1275984  Y 1219685
X 1268897  Y 1219488
X 1273622  Y 1217716
X 1263188  Y 1217716
X 1256102  Y 1216732
X 1278543  Y 1216732
X 1275393  Y 1215551
X 1262007  Y 1214370
X 1277755  Y 1212795
X 1270078  Y 1212795
X 1262795  Y 1211614
X 1263976  Y 1203740
X 1269488  Y 1201574
X 1277362  Y 1201574
X 1262598  Y 1201377
X 1266732  Y 1198818
X 1265551  Y 1196062
X 1269881  Y 1193897
X 1279133  Y 1191141
X 1267125  Y 1190944
X 1260039  Y 1190944
X 1263385  Y 1190944
X 1273031  Y 1190354
X 1264173  Y 1186417
X 1284055  Y 1189173
X 1283858  Y 1196456
X 1284251  Y 1203346
X 1284251  Y 1209448
X 1284251  Y 1216141
X 1281299  Y 1221259
X 1284448  Y 1223622
X 1284251  Y 1229527
X 1284251  Y 1236417
X 1284448  Y 1242322
X 1284251  Y 1255708
X 1284448  Y 1267913
X 1284448  Y 1271062
X 1283858  Y 1277165
X 1284055  Y 1283464
X 1281692  Y 1291732
X 1284251  Y 1295275
X 1282283  Y 1299606
X 1284448  Y 1304921
X 1281496  Y 1309055
X 1281102  Y 1313385
Drill: .01575  Tool: 2  Feed: 0  Speed: 0
X 1218897  Y 1190944
X 1218897  Y 1196456
X 1197637  Y 1201181
X 1209448  Y 1201181
X 1218700  Y 1201968
X 1209448  Y 1206692
X 1218700  Y 1207480
X 1209448  Y 1212007
X 1218700  Y 1212992
X 1218700  Y 1218503
X 1213188  Y 1218700
Drill: .01969  Tool: 3  Feed: 0  Speed: 0
X 1194685  Y 1313188 X 1200590  Y 1313188
X 1268110  Y 1313188 X 1274015  Y 1313188
X 1190157  Y 1186417 X 1196062  Y 1186417
X 1273622  Y 1186417 X 1279527  Y 1186417
Drill: .02559  Tool: 4  Feed: 0  Speed: 0
X 1196259  Y 1180905
X 1203346  Y 1180905
X 1181102  Y 1193110
X 1181102  Y 1199803
X 1181102  Y 1206496
X 1181102  Y 1213188
X 1181102  Y 1219881
X 1181102  Y 1226574
X 1181102  Y 1233267
X 1181102  Y 1239960
X 1181102  Y 1246653
X 1181102  Y 1253346
X 1181102  Y 1260039
X 1181102  Y 1266732
X 1181102  Y 1273425
X 1181102  Y 1280118
X 1181102  Y 1286811
X 1181102  Y 1293503
X 1181102  Y 1300196
X 1181102  Y 1306889
X 1203346  Y 1318700
X 1196259  Y 1318700
X 1224606  Y 1318700
X 1217519  Y 1318700
X 1210433  Y 1318700
X 1210433  Y 1180905
X 1217519  Y 1180905
X 1224606  Y 1180905
X 1231692  Y 1180905
X 1238779  Y 1180905
X 1245866  Y 1180905
X 1252952  Y 1180905
X 1252952  Y 1318700
X 1245866  Y 1318700
X 1238779  Y 1318700
X 1231692  Y 1318700
X 1274212  Y 1318897
X 1267125  Y 1318897
X 1260039  Y 1318700
X 1274212  Y 1180905
X 1260039  Y 1180905
X 1267125  Y 1180905
X 1289370  Y 1193110
X 1289370  Y 1199803
X 1289370  Y 1206496
X 1289370  Y 1213188
X 1289370  Y 1219881
X 1289370  Y 1226574
X 1289370  Y 1233267
X 1289370  Y 1239960
X 1289370  Y 1246653
X 1289370  Y 1253346
X 1289370  Y 1260039
X 1289370  Y 1266732
X 1289370  Y 1273425
X 1289370  Y 1280118
X 1289370  Y 1286811
X 1289370  Y 1293503
X 1289370  Y 1300196
X 1289370  Y 1306889
End of Listing
